[0.005s][info][gc] Using G1
[12.670s][info][gc] GC(0) Pause Young (Normal) (G1 Evacuation Pause) 1137M->731M(4096M) 12.289ms
[23.840s][info][gc] GC(1) Pause Young (Normal) (G1 Evacuation Pause) 1134M->766M(4096M) 5.272ms
[34.674s][info][gc] GC(2) Pause Young (Normal) (G1 Evacuation Pause) 1160M->784M(4096M) 10.831ms
[43.937s][info][gc] GC(3) Pause Young (Normal) (G1 Evacuation Pause) 1185M->809M(4096M) 13.794ms
[52.808s][info][gc] GC(4) Pause Young (Normal) (G1 Evacuation Pause) 1229M->833M(4096M) 18.884ms
[65.837s][info][gc] GC(5) Pause Young (Normal) (G1 Evacuation Pause) 1274M->862M(4096M) 6.930ms
[78.389s][info][gc] GC(6) Pause Young (Normal) (G1 Evacuation Pause) 1277M->903M(4096M) 7.505ms
[88.573s][info][gc] GC(7) Pause Young (Normal) (G1 Evacuation Pause) 1318M->919M(4096M) 12.926ms
[101.488s][info][gc] GC(8) Pause Young (Normal) (G1 Evacuation Pause) 1320M->946M(4096M) 14.964ms
[112.360s][info][gc] GC(9) Pause Young (Normal) (G1 Evacuation Pause) 1359M->980M(4096M) 11.670ms
[123.867s][info][gc] GC(10) Pause Young (Normal) (G1 Evacuation Pause) 1410M->1010M(4096M) 8.614ms
[134.082s][info][gc] GC(11) Pause Young (Normal) (G1 Evacuation Pause) 1421M->1038M(4096M) 15.931ms
[145.656s][info][gc] GC(12) Pause Young (Normal) (G1 Evacuation Pause) 1472M->1050M(4096M) 11.326ms
[155.166s][info][gc] GC(13) Pause Young (Normal) (G1 Evacuation Pause) 1453M->1081M(4096M) 5.640ms
[165.001s][info][gc] GC(14) Pause Young (Normal) (G1 Evacuation Pause) 1508M->1106M(4096M) 18.383ms
[176.442s][info][gc] GC(15) Pause Young (Normal) (G1 Evacuation Pause) 1532M->1134M(4096M) 13.961ms
[187.180s][info][gc] GC(16) Pause Young (Normal) (G1 Evacuation Pause) 1564M->1166M(4096M) 12.405ms
[197.038s][info][gc] GC(17) Pause Young (Normal) (G1 Evacuation Pause) 1549M->1185M(4096M) 15.131ms
[205.770s][info][gc] GC(18) Pause Young (Normal) (G1 Evacuation Pause) 1608M->1198M(4096M) 11.142ms
[215.609s][info][gc] GC(19) Pause Young (Normal) (G1 Evacuation Pause) 1592M->1225M(4096M) 7.803ms
[228.167s][info][gc] GC(20) Pause Young (Normal) (G1 Evacuation Pause) 1624M->1261M(4096M) 7.241ms
[239.952s][info][gc] GC(21) Pause Young (Normal) (G1 Evacuation Pause) 1669M->1291M(4096M) 6.512ms
[250.715s][info][gc] GC(22) Pause Young (Normal) (G1 Evacuation Pause) 1702M->1317M(4096M) 18.222ms
[259.861s][info][gc] GC(23) Pause Young (Normal) (G1 Evacuation Pause) 1711M->1330M(4096M) 10.986ms
[268.932s][info][gc] GC(24) Pause Young (Normal) (G1 Evacuation Pause) 1766M->1346M(4096M) 8.121ms
[280.806s][info][gc] GC(25) Pause Young (Normal) (G1 Evacuation Pause) 1759M->1382M(4096M) 14.779ms
[292.515s][info][gc] GC(26) Pause Young (Normal) (G1 Evacuation Pause) 1775M->1408M(4096M) 11.314ms
[302.767s][info][gc] GC(27) Pause Young (Normal) (G1 Evacuation Pause) 1847M->1438M(4096M) 13.730ms
[312.810s][info][gc] GC(28) Pause Young (Normal) (G1 Evacuation Pause) 1857M->1450M(4096M) 20.029ms
[322.246s][info][gc] GC(29) Pause Young (Normal) (G1 Evacuation Pause) 1890M->1487M(4096M) 11.838ms
[333.252s][info][gc] GC(30) Pause Young (Normal) (G1 Evacuation Pause) 1878M->1510M(4096M) 6.483ms
[346.130s][info][gc] GC(31) Pause Young (Normal) (G1 Evacuation Pause) 1914M->1532M(4096M) 11.097ms
[359.110s][info][gc] GC(32) Pause Young (Normal) (G1 Evacuation Pause) 1935M->1563M(4096M) 7.205ms
[370.285s][info][gc] GC(33) Pause Young (Normal) (G1 Evacuation Pause) 1963M->1604M(4096M) 15.774ms
[382.656s][info][gc] GC(34) Pause Young (Normal) (G1 Evacuation Pause) 2004M->1623M(4096M) 11.673ms
[395.181s][info][gc] GC(35) Pause Young (Normal) (G1 Evacuation Pause) 2064M->1666M(4096M) 13.448ms
[405.793s][info][gc] GC(36) Pause Young (Normal) (G1 Evacuation Pause) 2051M->1674M(4096M) 11.423ms
[417.488s][info][gc] GC(37) Pause Young (Normal) (G1 Evacuation Pause) 2116M->1703M(4096M) 6.052ms
[426.340s][info][gc] GC(38) Pause Young (Normal) (G1 Evacuation Pause) 2122M->1724M(4096M) 14.938ms
[439.499s][info][gc] GC(39) Pause Young (Normal) (G1 Evacuation Pause) 2154M->1772M(4096M) 20.505ms
[449.243s][info][gc] GC(40) Pause Young (Normal) (G1 Evacuation Pause) 2164M->1783M(4096M) 8.608ms
[458.696s][info][gc] GC(41) Pause Young (Normal) (G1 Evacuation Pause) 2200M->1814M(4096M) 11.450ms
[470.623s][info][gc] GC(42) Pause Young (Normal) (G1 Evacuation Pause) 2243M->1847M(4096M) 20.581ms
[479.969s][info][gc] GC(43) Concurrent Mark Cycle 347.164ms
[482.035s][info][gc] GC(44) Pause Young (Mixed) (G1 Evacuation Pause) 2265M->1823M(4096M) 21.111ms
[495.187s][info][gc] GC(45) Pause Young (Normal) (G1 Evacuation Pause) 2257M->1886M(4096M) 10.376ms
[504.934s][info][gc] GC(46) Pause Young (Normal) (G1 Evacuation Pause) 2327M->1913M(4096M) 22.333ms
[513.689s][info][gc] GC(47) Pause Young (Normal) (G1 Evacuation Pause) 2348M->1933M(4096M) 9.770ms
[525.593s][info][gc] GC(48) Pause Young (Normal) (G1 Evacuation Pause) 2339M->1958M(4096M) 16.970ms
[534.618s][info][gc] GC(49) Pause Young (Normal) (G1 Evacuation Pause) 2392M->1985M(4096M) 17.545ms
[543.982s][info][gc] GC(50) Concurrent Mark Cycle 324.964ms
[547.757s][info][gc] GC(51) Pause Young (Mixed) (G1 Evacuation Pause) 2377M->1985M(4096M) 29.003ms
[558.410s][info][gc] GC(52) Pause Young (Normal) (G1 Evacuation Pause) 2407M->2039M(4096M) 11.938ms
[567.765s][info][gc] GC(53) Pause Young (Normal) (G1 Evacuation Pause) 2469M->2054M(4096M) 13.221ms
[576.638s][info][gc] GC(54) Pause Young (Normal) (G1 Evacuation Pause) 2478M->2070M(4096M) 8.313ms
[588.985s][info][gc] GC(55) Pause Young (Normal) (G1 Evacuation Pause) 2517M->2113M(4096M) 8.700ms
[598.248s][info][gc] GC(56) Pause Young (Normal) (G1 Evacuation Pause) 2543M->2132M(4096M) 12.450ms
[608.575s][info][gc] GC(57) Concurrent Mark Cycle 143.988ms
[612.502s][info][gc] GC(58) Pause Young (Mixed) (G1 Evacuation Pause) 2525M->2121M(4096M) 24.532ms
[621.428s][info][gc] GC(59) Pause Young (Normal) (G1 Evacuation Pause) 2562M->2182M(4096M) 21.270ms
[633.434s][info][gc] GC(60) Pause Young (Normal) (G1 Evacuation Pause) 2581M->2200M(4096M) 10.576ms
[643.601s][info][gc] GC(61) Pause Young (Normal) (G1 Evacuation Pause) 2606M->2226M(4096M) 8.591ms
[652.586s][info][gc] GC(62) Pause Young (Normal) (G1 Evacuation Pause) 2632M->2249M(4096M) 17.016ms
[661.598s][info][gc] GC(63) Pause Young (Normal) (G1 Evacuation Pause) 2657M->2280M(4096M) 15.553ms
[672.001s][info][gc] GC(64) Concurrent Mark Cycle 145.237ms
[674.601s][info][gc] GC(65) Pause Young (Mixed) (G1 Evacuation Pause) 2687M->2230M(4096M) 14.079ms
[683.964s][info][gc] GC(66) Pause Young (Normal) (G1 Evacuation Pause) 2692M->2318M(4096M) 19.863ms
[694.266s][info][gc] GC(67) Pause Young (Normal) (G1 Evacuation Pause) 2725M->2344M(4096M) 16.742ms
[703.683s][info][gc] GC(68) Pause Young (Normal) (G1 Evacuation Pause) 2736M->2367M(4096M) 10.998ms
[715.312s][info][gc] GC(69) Pause Young (Normal) (G1 Evacuation Pause) 2797M->2394M(4096M) 16.993ms
[724.817s][info][gc] GC(70) Pause Young (Normal) (G1 Evacuation Pause) 2827M->2415M(4096M) 18.020ms
[735.337s][info][gc] GC(71) Concurrent Mark Cycle 333.965ms
[737.967s][info][gc] GC(72) Pause Young (Mixed) (G1 Evacuation Pause) 2832M->2398M(4096M) 23.561ms
[746.867s][info][gc] GC(73) Pause Young (Normal) (G1 Evacuation Pause) 2863M->2471M(4096M) 24.475ms
[758.604s][info][gc] GC(74) Pause Young (Normal) (G1 Evacuation Pause) 2884M->2500M(4096M) 22.610ms
[771.051s][info][gc] GC(75) Pause Young (Normal) (G1 Evacuation Pause) 2892M->2520M(4096M) 7.857ms
[782.875s][info][gc] GC(76) Pause Young (Normal) (G1 Evacuation Pause) 2918M->2553M(4096M) 21.721ms
[791.916s][info][gc] GC(77) Pause Young (Normal) (G1 Evacuation Pause) 2944M->2575M(4096M) 19.379ms
[804.324s][info][gc] GC(78) Concurrent Mark Cycle 410.913ms
[806.373s][info][gc] GC(79) Pause Young (Mixed) (G1 Evacuation Pause) 3010M->2587M(4096M) 21.965ms
[816.978s][info][gc] GC(80) Pause Young (Normal) (G1 Evacuation Pause) 3041M->2633M(4096M) 9.731ms
[827.826s][info][gc] GC(81) Pause Young (Normal) (G1 Evacuation Pause) 3043M->2649M(4096M) 10.445ms
[839.234s][info][gc] GC(82) Pause Young (Normal) (G1 Evacuation Pause) 3081M->2670M(4096M) 17.590ms
[850.049s][info][gc] GC(83) Pause Young (Normal) (G1 Evacuation Pause) 3071M->2702M(4096M) 19.048ms
[860.540s][info][gc] GC(84) Pause Young (Normal) (G1 Evacuation Pause) 3099M->2740M(4096M) 22.402ms
[869.344s][info][gc] GC(85) Concurrent Mark Cycle 214.358ms
[870.943s][info][gc] GC(86) Pause Young (Mixed) (G1 Evacuation Pause) 3122M->2723M(4096M) 19.409ms
[883.434s][info][gc] GC(87) Pause Young (Normal) (G1 Evacuation Pause) 3168M->2790M(4096M) 23.186ms
[895.175s][info][gc] GC(88) Pause Young (Normal) (G1 Evacuation Pause) 3182M->2818M(4096M) 18.262ms
[904.900s][info][gc] GC(89) Pause Young (Normal) (G1 Evacuation Pause) 3202M->2824M(4096M) 20.708ms
[915.789s][info][gc] GC(90) Pause Young (Normal) (G1 Evacuation Pause) 3228M->2868M(4096M) 19.692ms
[925.149s][info][gc] GC(91) Pause Young (Normal) (G1 Evacuation Pause) 3251M->2889M(4096M) 8.165ms
[934.288s][info][gc] GC(92) Concurrent Mark Cycle 234.962ms
[937.171s][info][gc] GC(93) Pause Young (Mixed) (G1 Evacuation Pause) 3291M->2887M(4096M) 19.357ms
[949.664s][info][gc] GC(94) Pause Young (Normal) (G1 Evacuation Pause) 3325M->2928M(4096M) 9.106ms
[961.949s][info][gc] GC(95) Pause Young (Normal) (G1 Evacuation Pause) 3330M->2957M(4096M) 13.327ms
[973.431s][info][gc] GC(96) Pause Young (Normal) (G1 Evacuation Pause) 3393M->2986M(4096M) 17.279ms
[985.626s][info][gc] GC(97) Pause Young (Normal) (G1 Evacuation Pause) 3402M->3010M(4096M) 12.153ms
[998.863s][info][gc] GC(98) Pause Young (Normal) (G1 Evacuation Pause) 3453M->3052M(4096M) 10.932ms
[1009.513s][info][gc] GC(99) Concurrent Mark Cycle 169.759ms
[1013.061s][info][gc] GC(100) Pause Young (Mixed) (G1 Evacuation Pause) 3488M->3014M(4096M) 23.900ms
[1022.311s][info][gc] GC(101) Pause Young (Normal) (G1 Evacuation Pause) 3484M->3099M(4096M) 21.495ms
[1031.082s][info][gc] GC(102) Pause Young (Normal) (G1 Evacuation Pause) 3502M->3127M(4096M) 21.958ms
[1041.060s][info][gc] GC(103) Pause Young (Normal) (G1 Evacuation Pause) 3529M->3141M(4096M) 8.213ms
[1053.538s][info][gc] GC(104) Pause Young (Normal) (G1 Evacuation Pause) 3542M->3179M(4096M) 12.527ms
[1065.816s][info][gc] GC(105) Pause Young (Normal) (G1 Evacuation Pause) 3572M->3210M(4096M) 25.710ms
[1075.663s][info][gc] GC(106) Concurrent Mark Cycle 207.820ms
[1077.895s][info][gc] GC(107) Pause Young (Mixed) (G1 Evacuation Pause) 3606M->3165M(4096M) 17.151ms
[1088.685s][info][gc] GC(108) Pause Young (Normal) (G1 Evacuation Pause) 3631M->3262M(4096M) 28.080ms
[1099.034s][info][gc] GC(109) Pause Young (Normal) (G1 Evacuation Pause) 3655M->3287M(4096M) 13.869ms
[1110.251s][info][gc] GC(110) Pause Young (Normal) (G1 Evacuation Pause) 3669M->3302M(4096M) 17.495ms
[1120.783s][info][gc] GC(111) Pause Young (Normal) (G1 Evacuation Pause) 3705M->3330M(4096M) 7.350ms
[1132.477s][info][gc] GC(112) Pause Young (Normal) (G1 Evacuation Pause) 3727M->3355M(4096M) 8.178ms
[1145.660s][info][gc] GC(113) Concurrent Mark Cycle 205.187ms
[1148.624s][info][gc] GC(114) Pause Young (Mixed) (G1 Evacuation Pause) 3769M->3331M(4096M) 29.011ms
[1158.525s][info][gc] GC(115) Pause Young (Normal) (G1 Evacuation Pause) 3814M->3420M(4096M) 15.881ms
[1169.898s][info][gc] GC(116) Pause Young (Normal) (G1 Evacuation Pause) 3854M->3433M(4096M) 23.318ms
[1179.849s][info][gc] GC(117) Pause Young (Normal) (G1 Evacuation Pause) 3831M->3471M(4096M) 27.103ms
[1189.867s][info][gc] GC(118) Pause Young (Normal) (G1 Evacuation Pause) 3890M->3494M(4096M) 10.488ms
[1200.300s][info][gc] GC(119) Pause Young (Normal) (G1 Evacuation Pause) 3903M->3520M(4096M) 25.336ms
[1209.579s][info][gc] GC(120) Concurrent Mark Cycle 389.992ms
[1212.787s][info][gc] GC(121) Pause Young (Mixed) (G1 Evacuation Pause) 3929M->3493M(4096M) 18.599ms
[1225.921s][info][gc] GC(122) Pause Young (Normal) (G1 Evacuation Pause) 3938M->3564M(4096M) 9.826ms
[1235.153s][info][gc] GC(123) Pause Young (Normal) (G1 Evacuation Pause) 3982M->3591M(4096M) 21.577ms
[1244.957s][info][gc] GC(124) Pause Young (Normal) (G1 Evacuation Pause) 4002M->3602M(4096M) 25.510ms
[1254.512s][info][gc] GC(125) Pause Young (Normal) (G1 Evacuation Pause) 4025M->3636M(4096M) 22.455ms
[1267.414s][info][gc] GC(126) Pause Young (Normal) (G1 Evacuation Pause) 4068M->3661M(4096M) 9.262ms
[1279.103s][info][gc] GC(127) Concurrent Mark Cycle 197.461ms
[1282.452s][info][gc] GC(128) Pause Young (Mixed) (G1 Evacuation Pause) 4095M->3681M(4096M) 23.879ms
[1293.550s][info][gc] GC(129) To-space exhausted
[1293.550s][info][gc] GC(129) Pause Full (G1 Compaction Pause) 3898M->3667M(4096M) 778.824ms
[1304.361s][info][gc] GC(130) To-space exhausted
[1304.361s][info][gc] GC(130) Pause Full (G1 Compaction Pause) 3901M->3662M(4096M) 456.661ms
[1316.561s][info][gc] GC(131) To-space exhausted
[1316.561s][info][gc] GC(131) Pause Full (G1 Compaction Pause) 3915M->3656M(4096M) 675.236ms
[1330.481s][info][gc] GC(132) To-space exhausted
[1330.481s][info][gc] GC(132) Pause Full (G1 Compaction Pause) 3817M->3655M(4096M) 729.441ms
[1340.949s][info][gc] GC(133) Pause Young (Normal) (G1 Evacuation Pause) 4087M->3684M(4096M) 19.357ms
[1351.654s][info][gc] GC(134) To-space exhausted
[1351.654s][info][gc] GC(134) Pause Full (G1 Compaction Pause) 3889M->3674M(4096M) 844.705ms
[1364.551s][info][gc] GC(135) To-space exhausted
[1364.551s][info][gc] GC(135) Pause Full (G1 Compaction Pause) 3960M->3653M(4096M) 389.102ms
[1375.651s][info][gc] GC(136) Pause Young (Normal) (G1 Evacuation Pause) 4095M->3698M(4096M) 17.832ms
[1387.331s][info][gc] GC(137) To-space exhausted
[1387.331s][info][gc] GC(137) Pause Full (G1 Compaction Pause) 3856M->3657M(4096M) 489.569ms
[1397.998s][info][gc] GC(138) Pause Young (Normal) (G1 Evacuation Pause) 4064M->3692M(4096M) 29.306ms
[1410.480s][info][gc] GC(139) To-space exhausted
[1410.480s][info][gc] GC(139) Pause Full (G1 Compaction Pause) 3946M->3672M(4096M) 841.168ms
[1421.017s][info][gc] GC(140) To-space exhausted
[1421.017s][info][gc] GC(140) Pause Full (G1 Compaction Pause) 3848M->3647M(4096M) 632.793ms
[1434.809s][info][gc] GC(141) Pause Young (Normal) (G1 Evacuation Pause) 4054M->3688M(4096M) 17.861ms
[1446.311s][info][gc] GC(142) To-space exhausted
[1446.311s][info][gc] GC(142) Pause Full (G1 Compaction Pause) 3846M->3671M(4096M) 544.361ms
[1456.063s][info][gc] GC(143) To-space exhausted
[1456.063s][info][gc] GC(143) Pause Full (G1 Compaction Pause) 3813M->3648M(4096M) 816.338ms
[1469.410s][info][gc] GC(144) Pause Young (Normal) (G1 Evacuation Pause) 4096M->3692M(4096M) 28.128ms
[1480.987s][info][gc] GC(145) To-space exhausted
[1480.987s][info][gc] GC(145) Pause Full (G1 Compaction Pause) 3878M->3669M(4096M) 899.372ms
[1492.031s][info][gc] GC(146) To-space exhausted
[1492.031s][info][gc] GC(146) Pause Full (G1 Compaction Pause) 3864M->3656M(4096M) 523.081ms
[1505.553s][info][gc] GC(147) To-space exhausted
[1505.553s][info][gc] GC(147) Pause Full (G1 Compaction Pause) 3822M->3641M(4096M) 528.524ms
[1514.977s][info][gc] GC(148) Pause Young (Normal) (G1 Evacuation Pause) 4049M->3667M(4096M) 19.191ms
[1527.103s][info][gc] GC(149) To-space exhausted
[1527.103s][info][gc] GC(149) Pause Full (G1 Compaction Pause) 3863M->3641M(4096M) 839.819ms
[1537.247s][info][gc] GC(150) Pause Young (Normal) (G1 Evacuation Pause) 4070M->3682M(4096M) 28.964ms
[1547.589s][info][gc] GC(151) To-space exhausted
[1547.589s][info][gc] GC(151) Pause Full (G1 Compaction Pause) 3909M->3660M(4096M) 760.823ms
[1559.098s][info][gc] GC(152) Pause Young (Normal) (G1 Evacuation Pause) 4096M->3699M(4096M) 14.125ms
[1572.106s][info][gc] GC(153) To-space exhausted
[1572.106s][info][gc] GC(153) Pause Full (G1 Compaction Pause) 3967M->3687M(4096M) 625.536ms
[1584.000s][info][gc] GC(154) To-space exhausted
[1584.000s][info][gc] GC(154) Pause Full (G1 Compaction Pause) 3876M->3669M(4096M) 887.674ms
[1596.596s][info][gc] GC(155) To-space exhausted
[1596.596s][info][gc] GC(155) Pause Full (G1 Compaction Pause) 3909M->3663M(4096M) 669.807ms
[1608.282s][info][gc] GC(156) To-space exhausted
[1608.282s][info][gc] GC(156) Pause Full (G1 Compaction Pause) 3833M->3659M(4096M) 488.094ms
[1617.760s][info][gc] GC(157) Pause Young (Normal) (G1 Evacuation Pause) 4080M->3685M(4096M) 28.242ms
[1626.495s][info][gc] GC(158) To-space exhausted
[1626.495s][info][gc] GC(158) Pause Full (G1 Compaction Pause) 3884M->3671M(4096M) 480.052ms
[1639.693s][info][gc] GC(159) To-space exhausted
[1639.693s][info][gc] GC(159) Pause Full (G1 Compaction Pause) 3869M->3672M(4096M) 504.346ms
[1651.916s][info][gc] GC(160) To-space exhausted
[1651.916s][info][gc] GC(160) Pause Full (G1 Compaction Pause) 3900M->3652M(4096M) 769.822ms
[1663.613s][info][gc] GC(161) Pause Young (Normal) (G1 Evacuation Pause) 4074M->3689M(4096M) 16.176ms
[1674.925s][info][gc] GC(162) To-space exhausted
[1674.925s][info][gc] GC(162) Pause Full (G1 Compaction Pause) 3834M->3672M(4096M) 883.196ms
[1688.303s][info][gc] GC(163) To-space exhausted
[1688.303s][info][gc] GC(163) Pause Full (G1 Compaction Pause) 3892M->3659M(4096M) 828.688ms
[1701.088s][info][gc] GC(164) To-space exhausted
[1701.088s][info][gc] GC(164) Pause Full (G1 Compaction Pause) 3846M->3655M(4096M) 587.874ms
[1712.448s][info][gc] GC(165) Pause Young (Normal) (G1 Evacuation Pause) 4096M->3698M(4096M) 27.485ms
[1725.655s][info][gc] GC(166) To-space exhausted
[1725.655s][info][gc] GC(166) Pause Full (G1 Compaction Pause) 3837M->3669M(4096M) 845.762ms
[1737.147s][info][gc] GC(167) To-space exhausted
[1737.147s][info][gc] GC(167) Pause Full (G1 Compaction Pause) 3896M->3667M(4096M) 583.591ms
[1746.653s][info][gc] GC(168) To-space exhausted
[1746.653s][info][gc] GC(168) Pause Full (G1 Compaction Pause) 3924M->3641M(4096M) 885.565ms
[1759.312s][info][gc] GC(169) Pause Young (Normal) (G1 Evacuation Pause) 4050M->3672M(4096M) 19.468ms
[1769.108s][info][gc] GC(170) To-space exhausted
[1769.108s][info][gc] GC(170) Pause Full (G1 Compaction Pause) 3945M->3649M(4096M) 716.621ms
[1779.295s][info][gc] GC(171) Pause Young (Normal) (G1 Evacuation Pause) 4069M->3682M(4096M) 8.486ms
[1788.712s][info][gc] GC(172) To-space exhausted
[1788.712s][info][gc] GC(172) Pause Full (G1 Compaction Pause) 3846M->3645M(4096M) 715.663ms
