[0.005s][info][gc] Using G1
[12.670s][info][gc] GC(0) Pause Young (Normal) (G1 Evacuation Pause) 1107M->701M(4096M) 12.213ms
[23.840s][info][gc] GC(1) Pause Young (Normal) (G1 Evacuation Pause) 1077M->710M(4096M) 5.210ms
[34.674s][info][gc] GC(2) Pause Young (Normal) (G1 Evacuation Pause) 1078M->701M(4096M) 10.648ms
[43.937s][info][gc] GC(3) Pause Young (Normal) (G1 Evacuation Pause) 1081M->704M(4096M) 13.500ms
[52.807s][info][gc] GC(4) Pause Young (Normal) (G1 Evacuation Pause) 1103M->707M(4096M) 18.401ms
[65.836s][info][gc] GC(5) Pause Young (Normal) (G1 Evacuation Pause) 1117M->705M(4096M) 6.710ms
[78.388s][info][gc] GC(6) Pause Young (Normal) (G1 Evacuation Pause) 1090M->716M(4096M) 7.223ms
[88.572s][info][gc] GC(7) Pause Young (Normal) (G1 Evacuation Pause) 1106M->707M(4096M) 12.380ms
[101.485s][info][gc] GC(8) Pause Young (Normal) (G1 Evacuation Pause) 1077M->704M(4096M) 14.244ms
[112.357s][info][gc] GC(9) Pause Young (Normal) (G1 Evacuation Pause) 1090M->711M(4096M) 11.051ms
[123.864s][info][gc] GC(10) Pause Young (Normal) (G1 Evacuation Pause) 1114M->713M(4096M) 8.113ms
[134.078s][info][gc] GC(11) Pause Young (Normal) (G1 Evacuation Pause) 1101M->717M(4096M) 14.933ms
[145.651s][info][gc] GC(12) Pause Young (Normal) (G1 Evacuation Pause) 1124M->702M(4096M) 10.559ms
[155.160s][info][gc] GC(13) Pause Young (Normal) (G1 Evacuation Pause) 1082M->709M(4096M) 5.234ms
[164.995s][info][gc] GC(14) Pause Young (Normal) (G1 Evacuation Pause) 1113M->711M(4096M) 16.985ms
[176.434s][info][gc] GC(15) Pause Young (Normal) (G1 Evacuation Pause) 1109M->711M(4096M) 12.832ms
[187.171s][info][gc] GC(16) Pause Young (Normal) (G1 Evacuation Pause) 1116M->718M(4096M) 11.345ms
[197.028s][info][gc] GC(17) Pause Young (Normal) (G1 Evacuation Pause) 1078M->714M(4096M) 13.776ms
[205.759s][info][gc] GC(18) Pause Young (Normal) (G1 Evacuation Pause) 1116M->705M(4096M) 10.104ms
[215.597s][info][gc] GC(19) Pause Young (Normal) (G1 Evacuation Pause) 1076M->709M(4096M) 7.045ms
[228.154s][info][gc] GC(20) Pause Young (Normal) (G1 Evacuation Pause) 1077M->715M(4096M) 6.501ms
[239.938s][info][gc] GC(21) Pause Young (Normal) (G1 Evacuation Pause) 1094M->717M(4096M) 5.816ms
[250.701s][info][gc] GC(22) Pause Young (Normal) (G1 Evacuation Pause) 1102M->717M(4096M) 16.195ms
[259.844s][info][gc] GC(23) Pause Young (Normal) (G1 Evacuation Pause) 1088M->708M(4096M) 9.725ms
[268.915s][info][gc] GC(24) Pause Young (Normal) (G1 Evacuation Pause) 1122M->703M(4096M) 7.160ms
[280.787s][info][gc] GC(25) Pause Young (Normal) (G1 Evacuation Pause) 1086M->709M(4096M) 12.961ms
[292.495s][info][gc] GC(26) Pause Young (Normal) (G1 Evacuation Pause) 1075M->708M(4096M) 9.872ms
[302.745s][info][gc] GC(27) Pause Young (Normal) (G1 Evacuation Pause) 1122M->713M(4096M) 11.927ms
[312.786s][info][gc] GC(28) Pause Young (Normal) (G1 Evacuation Pause) 1108M->701M(4096M) 17.323ms
[322.220s][info][gc] GC(29) Pause Young (Normal) (G1 Evacuation Pause) 1118M->715M(4096M) 10.197ms
[333.224s][info][gc] GC(30) Pause Young (Normal) (G1 Evacuation Pause) 1080M->712M(4096M) 5.558ms
[346.101s][info][gc] GC(31) Pause Young (Normal) (G1 Evacuation Pause) 1085M->703M(4096M) 9.462ms
[359.080s][info][gc] GC(32) Pause Young (Normal) (G1 Evacuation Pause) 1075M->703M(4096M) 6.109ms
[370.254s][info][gc] GC(33) Pause Young (Normal) (G1 Evacuation Pause) 1076M->717M(4096M) 13.312ms
[382.621s][info][gc] GC(34) Pause Young (Normal) (G1 Evacuation Pause) 1087M->706M(4096M) 9.800ms
[395.145s][info][gc] GC(35) Pause Young (Normal) (G1 Evacuation Pause) 1117M->719M(4096M) 11.231ms
[405.754s][info][gc] GC(36) Pause Young (Normal) (G1 Evacuation Pause) 1079M->702M(4096M) 9.498ms
[417.448s][info][gc] GC(37) Pause Young (Normal) (G1 Evacuation Pause) 1116M->703M(4096M) 5.008ms
[426.299s][info][gc] GC(38) Pause Young (Normal) (G1 Evacuation Pause) 1101M->702M(4096M) 12.316ms
[439.455s][info][gc] GC(39) Pause Young (Normal) (G1 Evacuation Pause) 1101M->719M(4096M) 16.814ms
[449.195s][info][gc] GC(40) Pause Young (Normal) (G1 Evacuation Pause) 1088M->707M(4096M) 7.031ms
[458.647s][info][gc] GC(41) Pause Young (Normal) (G1 Evacuation Pause) 1101M->715M(4096M) 9.316ms
[470.572s][info][gc] GC(42) Pause Young (Normal) (G1 Evacuation Pause) 1115M->719M(4096M) 16.664ms
[479.913s][info][gc] GC(43) Pause Young (Normal) (G1 Evacuation Pause) 1115M->714M(4096M) 7.869ms
[490.370s][info][gc] GC(44) Pause Young (Normal) (G1 Evacuation Pause) 1092M->700M(4096M) 5.076ms
[501.979s][info][gc] GC(45) Pause Young (Normal) (G1 Evacuation Pause) 1087M->713M(4096M) 18.123ms
[512.763s][info][gc] GC(46) Pause Young (Normal) (G1 Evacuation Pause) 1121M->719M(4096M) 18.102ms
[523.943s][info][gc] GC(47) Pause Young (Normal) (G1 Evacuation Pause) 1086M->704M(4096M) 7.447ms
[535.974s][info][gc] GC(48) Pause Young (Normal) (G1 Evacuation Pause) 1106M->718M(4096M) 16.492ms
[546.608s][info][gc] GC(49) Pause Young (Normal) (G1 Evacuation Pause) 1107M->715M(4096M) 5.875ms
[556.474s][info][gc] GC(50) Pause Young (Normal) (G1 Evacuation Pause) 1120M->715M(4096M) 15.224ms
[567.114s][info][gc] GC(51) Pause Young (Normal) (G1 Evacuation Pause) 1083M->715M(4096M) 9.356ms
[576.466s][info][gc] GC(52) Pause Young (Normal) (G1 Evacuation Pause) 1123M->707M(4096M) 10.323ms
[585.336s][info][gc] GC(53) Pause Young (Normal) (G1 Evacuation Pause) 1111M->703M(4096M) 6.469ms
[597.681s][info][gc] GC(54) Pause Young (Normal) (G1 Evacuation Pause) 1120M->716M(4096M) 6.737ms
[606.942s][info][gc] GC(55) Pause Young (Normal) (G1 Evacuation Pause) 1124M->713M(4096M) 9.607ms
[617.266s][info][gc] GC(56) Pause Young (Normal) (G1 Evacuation Pause) 1081M->700M(4096M) 18.325ms
[627.187s][info][gc] GC(57) Pause Young (Normal) (G1 Evacuation Pause) 1101M->718M(4096M) 10.779ms
[636.299s][info][gc] GC(58) Pause Young (Normal) (G1 Evacuation Pause) 1116M->704M(4096M) 8.222ms
[647.839s][info][gc] GC(59) Pause Young (Normal) (G1 Evacuation Pause) 1087M->711M(4096M) 8.328ms
[658.745s][info][gc] GC(60) Pause Young (Normal) (G1 Evacuation Pause) 1081M->718M(4096M) 9.655ms
[669.470s][info][gc] GC(61) Pause Young (Normal) (G1 Evacuation Pause) 1104M->718M(4096M) 10.594ms
[678.433s][info][gc] GC(62) Pause Young (Normal) (G1 Evacuation Pause) 1100M->710M(4096M) 12.039ms
[691.646s][info][gc] GC(63) Pause Young (Normal) (G1 Evacuation Pause) 1097M->703M(4096M) 4.739ms
[701.000s][info][gc] GC(64) Pause Young (Normal) (G1 Evacuation Pause) 1083M->709M(4096M) 14.873ms
[711.296s][info][gc] GC(65) Pause Young (Normal) (G1 Evacuation Pause) 1091M->710M(4096M) 12.488ms
[720.710s][info][gc] GC(66) Pause Young (Normal) (G1 Evacuation Pause) 1080M->711M(4096M) 8.175ms
[732.336s][info][gc] GC(67) Pause Young (Normal) (G1 Evacuation Pause) 1113M->710M(4096M) 12.576ms
[741.836s][info][gc] GC(68) Pause Young (Normal) (G1 Evacuation Pause) 1120M->708M(4096M) 13.290ms
[752.351s][info][gc] GC(69) Pause Young (Normal) (G1 Evacuation Pause) 1100M->713M(4096M) 11.039ms
[762.743s][info][gc] GC(70) Pause Young (Normal) (G1 Evacuation Pause) 1098M->718M(4096M) 14.508ms
[771.843s][info][gc] GC(71) Pause Young (Normal) (G1 Evacuation Pause) 1122M->705M(4096M) 12.545ms
[780.726s][info][gc] GC(72) Pause Young (Normal) (G1 Evacuation Pause) 1116M->702M(4096M) 6.392ms
[791.522s][info][gc] GC(73) Pause Young (Normal) (G1 Evacuation Pause) 1078M->704M(4096M) 5.711ms
[801.353s][info][gc] GC(74) Pause Young (Normal) (G1 Evacuation Pause) 1114M->717M(4096M) 6.854ms
[811.008s][info][gc] GC(75) Pause Young (Normal) (G1 Evacuation Pause) 1108M->702M(4096M) 17.088ms
[819.820s][info][gc] GC(76) Pause Young (Normal) (G1 Evacuation Pause) 1085M->719M(4096M) 10.279ms
[830.414s][info][gc] GC(77) Pause Young (Normal) (G1 Evacuation Pause) 1124M->716M(4096M) 6.952ms
[841.259s][info][gc] GC(78) Pause Young (Normal) (G1 Evacuation Pause) 1100M->706M(4096M) 7.434ms
[852.664s][info][gc] GC(79) Pause Young (Normal) (G1 Evacuation Pause) 1111M->700M(4096M) 12.468ms
[863.473s][info][gc] GC(80) Pause Young (Normal) (G1 Evacuation Pause) 1075M->706M(4096M) 13.450ms
[873.959s][info][gc] GC(81) Pause Young (Normal) (G1 Evacuation Pause) 1078M->719M(4096M) 15.761ms
[882.757s][info][gc] GC(82) Pause Young (Normal) (G1 Evacuation Pause) 1080M->705M(4096M) 5.240ms
[892.182s][info][gc] GC(83) Pause Young (Normal) (G1 Evacuation Pause) 1088M->702M(4096M) 10.617ms
[901.165s][info][gc] GC(84) Pause Young (Normal) (G1 Evacuation Pause) 1115M->705M(4096M) 6.782ms
[910.119s][info][gc] GC(85) Pause Young (Normal) (G1 Evacuation Pause) 1103M->714M(4096M) 5.941ms
[923.061s][info][gc] GC(86) Pause Young (Normal) (G1 Evacuation Pause) 1109M->708M(4096M) 5.701ms
[931.953s][info][gc] GC(87) Pause Young (Normal) (G1 Evacuation Pause) 1106M->716M(4096M) 5.860ms
[941.112s][info][gc] GC(88) Pause Young (Normal) (G1 Evacuation Pause) 1078M->717M(4096M) 11.059ms
[952.414s][info][gc] GC(89) Pause Young (Normal) (G1 Evacuation Pause) 1102M->718M(4096M) 8.447ms
[964.896s][info][gc] GC(90) Pause Young (Normal) (G1 Evacuation Pause) 1101M->704M(4096M) 6.221ms
[977.179s][info][gc] GC(91) Pause Young (Normal) (G1 Evacuation Pause) 1077M->704M(4096M) 9.067ms
[988.656s][info][gc] GC(92) Pause Young (Normal) (G1 Evacuation Pause) 1112M->705M(4096M) 11.710ms
[1000.845s][info][gc] GC(93) Pause Young (Normal) (G1 Evacuation Pause) 1092M->700M(4096M) 8.203ms
[1014.079s][info][gc] GC(94) Pause Young (Normal) (G1 Evacuation Pause) 1111M->711M(4096M) 7.346ms
[1024.725s][info][gc] GC(95) Pause Young (Normal) (G1 Evacuation Pause) 1121M->702M(4096M) 16.190ms
[1035.577s][info][gc] GC(96) Pause Young (Normal) (G1 Evacuation Pause) 1099M->716M(4096M) 10.207ms
[1046.084s][info][gc] GC(97) Pause Young (Normal) (G1 Evacuation Pause) 1109M->719M(4096M) 9.499ms
[1055.328s][info][gc] GC(98) Pause Young (Normal) (G1 Evacuation Pause) 1110M->712M(4096M) 10.370ms
[1066.587s][info][gc] GC(99) Pause Young (Normal) (G1 Evacuation Pause) 1077M->702M(4096M) 5.677ms
[1076.150s][info][gc] GC(100) Pause Young (Normal) (G1 Evacuation Pause) 1087M->703M(4096M) 5.871ms
[1085.359s][info][gc] GC(101) Pause Young (Normal) (G1 Evacuation Pause) 1118M->713M(4096M) 8.645ms
[1097.176s][info][gc] GC(102) Pause Young (Normal) (G1 Evacuation Pause) 1089M->709M(4096M) 6.897ms
[1107.955s][info][gc] GC(103) Pause Young (Normal) (G1 Evacuation Pause) 1088M->719M(4096M) 18.350ms
[1118.295s][info][gc] GC(104) Pause Young (Normal) (G1 Evacuation Pause) 1087M->719M(4096M) 9.033ms
[1129.507s][info][gc] GC(105) Pause Young (Normal) (G1 Evacuation Pause) 1075M->707M(4096M) 11.353ms
[1140.032s][info][gc] GC(106) Pause Young (Normal) (G1 Evacuation Pause) 1085M->710M(4096M) 4.753ms
[1151.724s][info][gc] GC(107) Pause Young (Normal) (G1 Evacuation Pause) 1079M->707M(4096M) 5.269ms
[1164.904s][info][gc] GC(108) Pause Young (Normal) (G1 Evacuation Pause) 1090M->704M(4096M) 12.911ms
[1175.316s][info][gc] GC(109) Pause Young (Normal) (G1 Evacuation Pause) 1112M->713M(4096M) 14.744ms
[1184.408s][info][gc] GC(110) Pause Young (Normal) (G1 Evacuation Pause) 1094M->706M(4096M) 18.520ms
[1196.775s][info][gc] GC(111) Pause Young (Normal) (G1 Evacuation Pause) 1111M->712M(4096M) 5.299ms
[1206.005s][info][gc] GC(112) Pause Young (Normal) (G1 Evacuation Pause) 1119M->712M(4096M) 14.995ms
[1215.323s][info][gc] GC(113) Pause Young (Normal) (G1 Evacuation Pause) 1081M->710M(4096M) 11.770ms
[1224.560s][info][gc] GC(114) Pause Young (Normal) (G1 Evacuation Pause) 1115M->716M(4096M) 12.890ms
[1233.605s][info][gc] GC(115) Pause Young (Normal) (G1 Evacuation Pause) 1109M->713M(4096M) 7.914ms
[1246.729s][info][gc] GC(116) Pause Young (Normal) (G1 Evacuation Pause) 1081M->707M(4096M) 6.158ms
[1255.957s][info][gc] GC(117) Pause Young (Normal) (G1 Evacuation Pause) 1102M->712M(4096M) 13.483ms
[1265.753s][info][gc] GC(118) Pause Young (Normal) (G1 Evacuation Pause) 1099M->700M(4096M) 15.892ms
[1275.299s][info][gc] GC(119) Pause Young (Normal) (G1 Evacuation Pause) 1100M->710M(4096M) 13.947ms
[1288.192s][info][gc] GC(120) Pause Young (Normal) (G1 Evacuation Pause) 1111M->705M(4096M) 5.730ms
[1299.877s][info][gc] GC(121) Pause Young (Normal) (G1 Evacuation Pause) 1111M->704M(4096M) 15.079ms
[1308.662s][info][gc] GC(122) Pause Young (Normal) (G1 Evacuation Pause) 1099M->707M(4096M) 11.414ms
[1318.444s][info][gc] GC(123) Pause Young (Normal) (G1 Evacuation Pause) 1113M->712M(4096M) 13.715ms
[1331.262s][info][gc] GC(124) Pause Young (Normal) (G1 Evacuation Pause) 1082M->705M(4096M) 15.126ms
[1342.748s][info][gc] GC(125) Pause Young (Normal) (G1 Evacuation Pause) 1103M->700M(4096M) 5.536ms
[1354.415s][info][gc] GC(126) Pause Young (Normal) (G1 Evacuation Pause) 1108M->713M(4096M) 14.178ms
[1365.972s][info][gc] GC(127) Pause Young (Normal) (G1 Evacuation Pause) 1100M->709M(4096M) 11.236ms
[1378.524s][info][gc] GC(128) Pause Young (Normal) (G1 Evacuation Pause) 1119M->703M(4096M) 18.427ms
[1387.435s][info][gc] GC(129) Pause Young (Normal) (G1 Evacuation Pause) 1075M->709M(4096M) 16.204ms
[1396.245s][info][gc] GC(130) Pause Young (Normal) (G1 Evacuation Pause) 1097M->705M(4096M) 7.632ms
[1405.116s][info][gc] GC(131) Pause Young (Normal) (G1 Evacuation Pause) 1085M->711M(4096M) 6.675ms
[1415.543s][info][gc] GC(132) Pause Young (Normal) (G1 Evacuation Pause) 1122M->702M(4096M) 16.208ms
[1426.047s][info][gc] GC(133) Pause Young (Normal) (G1 Evacuation Pause) 1119M->714M(4096M) 7.935ms
[1435.072s][info][gc] GC(134) Pause Young (Normal) (G1 Evacuation Pause) 1099M->700M(4096M) 4.734ms
[1445.640s][info][gc] GC(135) Pause Young (Normal) (G1 Evacuation Pause) 1097M->706M(4096M) 6.661ms
[1456.913s][info][gc] GC(136) Pause Young (Normal) (G1 Evacuation Pause) 1090M->716M(4096M) 4.708ms
[1466.439s][info][gc] GC(137) Pause Young (Normal) (G1 Evacuation Pause) 1116M->702M(4096M) 17.700ms
[1476.116s][info][gc] GC(138) Pause Young (Normal) (G1 Evacuation Pause) 1120M->705M(4096M) 9.914ms
[1487.150s][info][gc] GC(139) Pause Young (Normal) (G1 Evacuation Pause) 1124M->711M(4096M) 9.752ms
[1498.014s][info][gc] GC(140) Pause Young (Normal) (G1 Evacuation Pause) 1088M->700M(4096M) 6.113ms
[1507.247s][info][gc] GC(141) Pause Young (Normal) (G1 Evacuation Pause) 1089M->718M(4096M) 8.187ms
[1518.933s][info][gc] GC(142) Pause Young (Normal) (G1 Evacuation Pause) 1100M->703M(4096M) 9.929ms
[1527.773s][info][gc] GC(143) Pause Young (Normal) (G1 Evacuation Pause) 1119M->716M(4096M) 13.548ms
[1536.753s][info][gc] GC(144) Pause Young (Normal) (G1 Evacuation Pause) 1122M->710M(4096M) 14.794ms
[1549.758s][info][gc] GC(145) Pause Young (Normal) (G1 Evacuation Pause) 1111M->709M(4096M) 15.259ms
[1559.696s][info][gc] GC(146) Pause Young (Normal) (G1 Evacuation Pause) 1089M->700M(4096M) 17.706ms
[1572.199s][info][gc] GC(147) Pause Young (Normal) (G1 Evacuation Pause) 1098M->706M(4096M) 8.868ms
[1581.772s][info][gc] GC(148) Pause Young (Normal) (G1 Evacuation Pause) 1123M->705M(4096M) 13.901ms
[1593.276s][info][gc] GC(149) Pause Young (Normal) (G1 Evacuation Pause) 1102M->707M(4096M) 7.035ms
[1605.558s][info][gc] GC(150) Pause Young (Normal) (G1 Evacuation Pause) 1085M->718M(4096M) 11.668ms
[1617.502s][info][gc] GC(151) Pause Young (Normal) (G1 Evacuation Pause) 1120M->719M(4096M) 11.006ms
[1629.923s][info][gc] GC(152) Pause Young (Normal) (G1 Evacuation Pause) 1084M->701M(4096M) 9.488ms
[1642.648s][info][gc] GC(153) Pause Young (Normal) (G1 Evacuation Pause) 1086M->705M(4096M) 12.687ms
[1651.711s][info][gc] GC(154) Pause Young (Normal) (G1 Evacuation Pause) 1112M->708M(4096M) 10.499ms
[1662.142s][info][gc] GC(155) Pause Young (Normal) (G1 Evacuation Pause) 1093M->706M(4096M) 5.556ms
[1673.762s][info][gc] GC(156) Pause Young (Normal) (G1 Evacuation Pause) 1123M->702M(4096M) 11.757ms
[1683.755s][info][gc] GC(157) Pause Young (Normal) (G1 Evacuation Pause) 1118M->704M(4096M) 8.492ms
[1695.537s][info][gc] GC(158) Pause Young (Normal) (G1 Evacuation Pause) 1094M->708M(4096M) 18.087ms
[1704.734s][info][gc] GC(159) Pause Young (Normal) (G1 Evacuation Pause) 1118M->700M(4096M) 5.137ms
[1714.412s][info][gc] GC(160) Pause Young (Normal) (G1 Evacuation Pause) 1119M->709M(4096M) 12.934ms
[1727.757s][info][gc] GC(161) Pause Young (Normal) (G1 Evacuation Pause) 1094M->718M(4096M) 16.284ms
[1736.929s][info][gc] GC(162) Pause Young (Normal) (G1 Evacuation Pause) 1123M->704M(4096M) 6.216ms
[1749.254s][info][gc] GC(163) Pause Young (Normal) (G1 Evacuation Pause) 1101M->713M(4096M) 17.912ms
[1758.900s][info][gc] GC(164) Pause Young (Normal) (G1 Evacuation Pause) 1107M->715M(4096M) 11.109ms
[1769.214s][info][gc] GC(165) Pause Young (Normal) (G1 Evacuation Pause) 1076M->715M(4096M) 7.951ms
[1778.166s][info][gc] GC(166) Pause Young (Normal) (G1 Evacuation Pause) 1107M->706M(4096M) 6.482ms
[1789.928s][info][gc] GC(167) Pause Young (Normal) (G1 Evacuation Pause) 1106M->713M(4096M) 6.259ms
