Java HotSpot(TM) 64-Bit Server VM (25.392-b08) for linux-amd64 JRE (1.8.0_392-b08)
Memory: 4k page, physical 8388608k(6291456k free), swap 2097152k(2097152k free)
CommandLine flags: -XX:InitialHeapSize=268435456 -XX:MaxHeapSize=268435456 -XX:+PrintGCDetails -XX:+PrintGCTimeStamps -XX:+UseParallelGC
1.204: [GC (Allocation Failure) [PSYoungGen: 65536K->10748K(76288K)] 65536K->10756K(251392K), 0.0121342 secs] [Times: user=0.03 sys=0.01, real=0.01 secs]
2.581: [GC (Allocation Failure) [PSYoungGen: 76284K->10732K(76288K)] 76292K->18994K(251392K), 0.0148217 secs] [Times: user=0.04 sys=0.00, real=0.02 secs]
3.877: [GC (Allocation Failure) [PSYoungGen: 76268K->10748K(76288K)] 84530K->27725K(251392K), 0.0143126 secs] [Times: user=0.04 sys=0.00, real=0.01 secs]
5.130: [GC (Allocation Failure) [PSYoungGen: 76284K->10740K(76288K)] 93261K->36462K(251392K), 0.0152918 secs] [Times: user=0.04 sys=0.01, real=0.02 secs]
6.401: [GC (Allocation Failure) [PSYoungGen: 76276K->10756K(76288K)] 101998K->45211K(251392K), 0.0151289 secs] [Times: user=0.05 sys=0.00, real=0.02 secs]
7.688: [GC (Allocation Failure) [PSYoungGen: 76292K->10748K(76288K)] 110747K->53948K(251392K), 0.0160236 secs] [Times: user=0.05 sys=0.00, real=0.02 secs]
8.941: [GC (Allocation Failure) [PSYoungGen: 76284K->10740K(76288K)] 119484K->62685K(251392K), 0.0164118 secs] [Times: user=0.05 sys=0.00, real=0.02 secs]
10.207: [GC (Allocation Failure) [PSYoungGen: 76276K->10748K(76288K)] 128221K->71430K(251392K), 0.0169452 secs] [Times: user=0.05 sys=0.01, real=0.02 secs]
11.483: [GC (Allocation Failure) [PSYoungGen: 76284K->10756K(76288K)] 136966K->80183K(251392K), 0.0171203 secs] [Times: user=0.05 sys=0.00, real=0.02 secs]
12.752: [GC (Allocation Failure) [PSYoungGen: 76292K->10748K(76288K)] 145719K->88928K(251392K), 0.0175418 secs] [Times: user=0.06 sys=0.00, real=0.02 secs]
14.026: [GC (Allocation Failure) [PSYoungGen: 76284K->10740K(76288K)] 154464K->97665K(251392K), 0.0180027 secs] [Times: user=0.06 sys=0.00, real=0.02 secs]
15.297: [GC (Allocation Failure) [PSYoungGen: 76276K->10748K(76288K)] 163201K->106410K(251392K), 0.0182342 secs] [Times: user=0.06 sys=0.01, real=0.02 secs]
16.573: [GC (Allocation Failure) [PSYoungGen: 76284K->10756K(76288K)] 171946K->115163K(251392K), 0.0185127 secs] [Times: user=0.06 sys=0.00, real=0.02 secs]
17.845: [GC (Allocation Failure) [PSYoungGen: 76292K->10748K(76288K)] 180699K->123908K(251392K), 0.0188315 secs] [Times: user=0.06 sys=0.00, real=0.02 secs]
19.121: [GC (Allocation Failure) [PSYoungGen: 76284K->10740K(76288K)] 189444K->132645K(251392K), 0.0191228 secs] [Times: user=0.06 sys=0.00, real=0.02 secs]
20.394: [GC (Allocation Failure) [PSYoungGen: 76276K->10748K(76288K)] 198181K->141390K(251392K), 0.0194416 secs] [Times: user=0.07 sys=0.00, real=0.02 secs]
21.667: [GC (Allocation Failure) [PSYoungGen: 76284K->10756K(76288K)] 206926K->150143K(251392K), 0.0197211 secs] [Times: user=0.07 sys=0.00, real=0.02 secs]
22.940: [GC (Allocation Failure) [PSYoungGen: 76292K->10748K(76288K)] 215679K->158888K(251392K), 0.0199324 secs] [Times: user=0.07 sys=0.00, real=0.02 secs]
24.215: [Full GC (Ergonomics) [PSYoungGen: 10748K->0K(76288K)] [ParOldGen: 148140K->155904K(175104K)] 158888K->155904K(251392K), [Metaspace: 3312K->3312K(1056768K)], 0.4171326 secs] [Times: user=1.42 sys=0.02, real=0.42 secs]
25.702: [GC (Allocation Failure) [PSYoungGen: 65536K->10748K(76288K)] 221440K->166660K(251392K), 0.0201148 secs] [Times: user=0.07 sys=0.00, real=0.02 secs]
26.981: [GC (Allocation Failure) [PSYoungGen: 76284K->10740K(76288K)] 232196K->175397K(251392K), 0.0204521 secs] [Times: user=0.07 sys=0.00, real=0.02 secs]
28.253: [GC (Allocation Failure) [PSYoungGen: 76276K->10748K(76288K)] 240933K->184142K(251392K), 0.0208317 secs] [Times: user=0.07 sys=0.01, real=0.02 secs]
29.528: [Full GC (Ergonomics) [PSYoungGen: 10748K->0K(76288K)] [ParOldGen: 173394K->170218K(175104K)] 184142K->170218K(251392K), [Metaspace: 3312K->3312K(1056768K)], 0.4453219 secs] [Times: user=1.51 sys=0.02, real=0.45 secs]
30.998: [GC (Allocation Failure) [PSYoungGen: 65536K->10756K(76288K)] 235754K->180982K(251392K), 0.0210424 secs] [Times: user=0.07 sys=0.00, real=0.02 secs]
32.271: [GC (Allocation Failure) [PSYoungGen: 76292K->10748K(76288K)] 246518K->189727K(251392K), 0.0213618 secs] [Times: user=0.07 sys=0.00, real=0.02 secs]
33.544: [Full GC (Ergonomics) [PSYoungGen: 10748K->0K(76288K)] [ParOldGen: 178979K->174850K(175104K)] 189727K->174850K(251392K), [Metaspace: 3312K->3312K(1056768K)], 0.4691122 secs] [Times: user=1.58 sys=0.03, real=0.47 secs]
34.912: [GC (Allocation Failure) --[PSYoungGen: 65536K->65536K(76288K)] 240386K->245122K(251392K), 0.0312245 secs] [Times: user=0.09 sys=0.00, real=0.03 secs]
34.944: [Full GC (Allocation Failure) [PSYoungGen: 65536K->63219K(76288K)] [ParOldGen: 174850K->175012K(175104K)] 245122K->238231K(251392K), [Metaspace: 3312K->3312K(1056768K)], 0.5121387 secs] [Times: user=1.71 sys=0.02, real=0.51 secs]
